// Jest Snapshot v1, https://goo.gl/fbAQLP

exports[`TodoList component test dom test snapshot test 1`] = `
<div
  className="list"
>
  <div
    className="list-container"
  >
    <div
      className="list-title"
    >
      <span
        data-test="listTitle"
      />
      <span
        className="list-counter"
        data-test="counter"
      >
        3
      </span>
    </div>
    <ul
      className="list-content"
    >
      <li
        className="list-item"
        data-test="listItem"
        key="0-[object Object]"
        onBlur={[Function]}
        onClick={[Function]}
      >
        <input
          className="list-checkbox-item"
          data-test="checkboxItem"
          type="checkbox"
        />
        <div
          className="list-div-item"
          data-test="divItem"
        >
          hello
        </div>
        <div
          className="delete-item"
          data-test="deleteItem"
          onClick={[Function]}
        >
          -
        </div>
      </li>
      <li
        className="list-item"
        data-test="listItem"
        key="1-[object Object]"
        onBlur={[Function]}
        onClick={[Function]}
      >
        <input
          className="list-checkbox-item"
          data-test="checkboxItem"
          type="checkbox"
        />
        <div
          className="list-div-item"
          data-test="divItem"
        >
          hello
        </div>
        <div
          className="delete-item"
          data-test="deleteItem"
          onClick={[Function]}
        >
          -
        </div>
      </li>
      <li
        className="list-item"
        data-test="listItem"
        key="2-[object Object]"
        onBlur={[Function]}
        onClick={[Function]}
      >
        <input
          className="list-checkbox-item"
          data-test="checkboxItem"
          type="checkbox"
        />
        <div
          className="list-div-item"
          data-test="divItem"
        >
          hello
        </div>
        <div
          className="delete-item"
          data-test="deleteItem"
          onClick={[Function]}
        >
          -
        </div>
      </li>
    </ul>
  </div>
</div>
`;
